// Jest Snapshot v1, https://goo.gl/fbAQLP

exports[`NewsContainer should render an element structure that matches the snapshot 1`] = `
Object {
  "asFragment": [Function],
  "baseElement": <body>
    <div>
      <section>
        <article
          class="articleCard"
        >
          <img
            alt="Failed to Load"
            class="articleImg"
          />
          <div
            class="cardInfo"
          >
            <h2
              class="articleTitle"
            />
            <p
              class="articleDescription"
            />
          </div>
          <div
            class="cardLink"
          >
            <a>
              Link To Article →
            </a>
          </div>
        </article>
        <article
          class="articleCard"
        >
          <img
            alt="Failed to Load"
            class="articleImg"
          />
          <div
            class="cardInfo"
          >
            <h2
              class="articleTitle"
            />
            <p
              class="articleDescription"
            />
          </div>
          <div
            class="cardLink"
          >
            <a>
              Link To Article →
            </a>
          </div>
        </article>
      </section>
    </div>
  </body>,
  "container": <div>
    <section>
      <article
        class="articleCard"
      >
        <img
          alt="Failed to Load"
          class="articleImg"
        />
        <div
          class="cardInfo"
        >
          <h2
            class="articleTitle"
          />
          <p
            class="articleDescription"
          />
        </div>
        <div
          class="cardLink"
        >
          <a>
            Link To Article →
          </a>
        </div>
      </article>
      <article
        class="articleCard"
      >
        <img
          alt="Failed to Load"
          class="articleImg"
        />
        <div
          class="cardInfo"
        >
          <h2
            class="articleTitle"
          />
          <p
            class="articleDescription"
          />
        </div>
        <div
          class="cardLink"
        >
          <a>
            Link To Article →
          </a>
        </div>
      </article>
    </section>
  </div>,
  "debug": [Function],
  "findAllByAltText": [Function],
  "findAllByDisplayValue": [Function],
  "findAllByLabelText": [Function],
  "findAllByPlaceholderText": [Function],
  "findAllByRole": [Function],
  "findAllByTestId": [Function],
  "findAllByText": [Function],
  "findAllByTitle": [Function],
  "findByAltText": [Function],
  "findByDisplayValue": [Function],
  "findByLabelText": [Function],
  "findByPlaceholderText": [Function],
  "findByRole": [Function],
  "findByTestId": [Function],
  "findByText": [Function],
  "findByTitle": [Function],
  "getAllByAltText": [Function],
  "getAllByDisplayValue": [Function],
  "getAllByLabelText": [Function],
  "getAllByPlaceholderText": [Function],
  "getAllByRole": [Function],
  "getAllByTestId": [Function],
  "getAllByText": [Function],
  "getAllByTitle": [Function],
  "getByAltText": [Function],
  "getByDisplayValue": [Function],
  "getByLabelText": [Function],
  "getByPlaceholderText": [Function],
  "getByRole": [Function],
  "getByTestId": [Function],
  "getByText": [Function],
  "getByTitle": [Function],
  "queryAllByAltText": [Function],
  "queryAllByDisplayValue": [Function],
  "queryAllByLabelText": [Function],
  "queryAllByPlaceholderText": [Function],
  "queryAllByRole": [Function],
  "queryAllByTestId": [Function],
  "queryAllByText": [Function],
  "queryAllByTitle": [Function],
  "queryByAltText": [Function],
  "queryByDisplayValue": [Function],
  "queryByLabelText": [Function],
  "queryByPlaceholderText": [Function],
  "queryByRole": [Function],
  "queryByTestId": [Function],
  "queryByText": [Function],
  "queryByTitle": [Function],
  "rerender": [Function],
  "unmount": [Function],
}
`;
